// Jest Snapshot v1, https://goo.gl/fbAQLP

exports[`Bruttal theme snapshot 1`] = `
{
  "badges": {
    "informative": {
      "bg": "action.background.caution.default",
      "color": "action.text.caution.default",
    },
    "muted": {
      "bg": "action.background.muted.default",
      "color": "action.text.muted.default",
    },
    "negative": {
      "bg": "action.background.negative.default",
      "color": "action.text.negative.default",
    },
    "neutral": {
      "bg": "action.background.secondary.default",
      "border": "sm",
      "borderColor": "action.border.muted.default",
      "color": "action.text.primary.default",
    },
    "positive": {
      "bg": "action.background.accent.active",
      "color": "action.text.accent.default",
    },
  },
  "borders": {
    "lg": "4px solid",
    "md": "2px solid",
    "none": "0px solid",
    "sm": "1px solid",
    "xl": "8px solid",
    "xs": "0.5px solid",
  },
  "buttons": {
    "accent": {
      ":disabled": {
        "backgroundColor": "action.background.muted.default",
        "borderColor": "action.border.muted.default",
        "color": "action.text.muted.default",
        "cursor": "default",
      },
      ":hover:not(:active,[disabled])": {
        "filter": "brightness(90%)",
      },
      "backgroundColor": "action.background.accent.default",
      "borderRadius": "sm",
      "color": "action.text.accent.default",
    },
    "actionButton": {
      "accent": {
        "backgroundColor": "action.background.accent.default",
        "border": "none",
        "color": "action.text.accent.default",
      },
      "default": {
        ":is(:focus-within, :hover)": {
          "backgroundColor": "action.background.secondary.active",
          "borderColor": "action.border.secondary.active",
          "color": "action.text.secondary.active",
        },
        "backgroundColor": "action.background.secondary.default",
        "border": "sm",
        "borderColor": "action.background.primary.default",
        "color": "action.text.primary.default",
        "transition": "all 0.2s",
      },
      "quiet": {
        "backgroundColor": "action.background.muted.default",
        "border": "none",
        "borderColor": "transparent",
        "color": "action.text.accent.default",
      },
    },
    "destructive": {
      ":disabled": {
        "backgroundColor": "action.background.muted.default",
        "borderColor": "action.border.muted.default",
        "color": "action.text.muted.default",
        "cursor": "default",
      },
      ":hover:not(:active,[disabled])": {
        "filter": "brightness(90%)",
      },
      "backgroundColor": "action.background.negative.default",
      "color": "action.text.negative.default",
    },
    "primary": {
      ":active": {
        "backgroundColor": "action.background.primary.default",
        "color": "action.text.secondary.default",
      },
      ":disabled": {
        "backgroundColor": "action.background.muted.default",
        "borderColor": "action.border.muted.default",
        "color": "action.text.muted.default",
        "cursor": "default",
      },
      ":hover:not(:active,[disabled])": {
        "filter": "brightness(90%)",
      },
      "backgroundColor": "action.background.primary.default",
      "borderRadius": "sm",
      "color": "action.text.secondary.default",
    },
    "secondary": {
      ":disabled": {
        "backgroundColor": "action.background.muted.default",
        "borderColor": "action.border.muted.default",
        "color": "action.text.muted.default",
        "cursor": "default",
      },
      ":hover:not(:active,[disabled])": {
        "filter": "brightness(90%)",
      },
      "backgroundColor": "action.background.secondary.default",
      "border": "md",
      "borderColor": "action.border.primary.default",
      "borderRadius": "sm",
      "color": "action.text.primary.default",
    },
  },
  "colors": {
    "action": {
      "background": {
        "accent": {
          "active": "#0d9488",
          "default": "#0469E3",
        },
        "caution": {
          "default": "#d97706",
        },
        "muted": {
          "default": "#dedede",
        },
        "negative": {
          "default": "#c62121",
        },
        "primary": {
          "active": "#f4f3f3",
          "default": "#292C2a",
        },
        "secondary": {
          "active": "#325C82",
          "default": "#f9f9f9",
        },
      },
      "border": {
        "accent": {
          "default": "#0469E3",
        },
        "muted": {
          "default": "#7a7a7a",
        },
        "primary": {
          "default": "#000000",
        },
        "secondary": {
          "active": "#325C82",
          "default": "#929292",
        },
      },
      "text": {
        "accent": {
          "default": "#ffffff",
        },
        "caution": {
          "default": "#ffffff",
        },
        "muted": {
          "default": "#7a7a7a",
        },
        "negative": {
          "default": "#ffffff",
        },
        "primary": {
          "default": "#000000",
        },
        "secondary": {
          "active": "#f4f3f3",
          "default": "#ffffff",
        },
      },
    },
    "display": {
      "background": {
        "muted": {
          "default": "#dedede",
        },
        "primary": {
          "default": "#292C2a",
        },
        "secondary": {
          "default": "#ffffff",
        },
      },
      "border": {
        "accent": {
          "default": "#0469E3",
        },
        "muted": {
          "active": "#325C82",
          "default": "#7a7a7a",
        },
        "negative": {
          "default": "#c62121",
        },
        "primary": {
          "default": "#292C2a",
        },
        "secondary": {
          "default": "#000000",
        },
      },
      "text": {
        "accent": "#0469E3",
        "muted": {
          "active": "#dedede",
          "default": "#7a7a7a",
        },
        "negative": {
          "default": "#c62121",
        },
        "primary": {
          "default": "#000000",
        },
        "secondary": {
          "default": "#325C82",
        },
      },
    },
    "feedback": {
      "background": {
        "primary": {
          "default": "#292C2a",
        },
      },
      "text": {
        "primary": {
          "default": "#ffffff",
        },
        "secondary": {
          "default": "#000000",
        },
      },
    },
    "input": {
      "background": {
        "accent": {
          "default": "#0469E3",
        },
        "muted": {
          "active": "#dedede",
          "default": "#7a7a7a",
          "disabled": "#dedede",
        },
        "negative": {
          "default": "#c62121",
        },
        "primary": {
          "active": "#f4f3f3",
          "default": "#292C2a",
        },
        "secondary": {
          "active": "#ffffff",
          "default": "#dedede",
        },
      },
      "border": {
        "accent": {
          "default": "#0469E3",
        },
        "caution": {
          "default": "#929292",
        },
        "muted": {
          "default": "#7a7a7a",
        },
        "negative": {
          "default": "#c62121",
        },
        "primary": {
          "default": "#292C2a",
        },
        "secondary": {
          "active": "#325C82",
          "default": "#000000",
        },
      },
      "text": {
        "accent": {
          "default": "#0469E3",
        },
        "muted": {
          "active": "#7a7a7a",
          "default": "#dedede",
        },
        "negative": {
          "default": "#c62121",
        },
        "primary": {
          "default": "#ffffff",
        },
        "secondary": {
          "default": "#000000",
        },
      },
    },
    "navigation": {
      "background": {
        "primary": {
          "default": "#f4f3f3",
        },
      },
      "text": {
        "accent": {
          "default": "#325C82",
        },
        "muted": {
          "default": "#7a7a7a",
        },
        "negative": {
          "default": "#c62121",
        },
        "primary": {
          "default": "#000000",
        },
      },
    },
  },
  "fontSizes": {
    "2xl": "1.5rem",
    "2xs": "0.625rem",
    "3xl": "1.875rem",
    "3xs": "0.5rem",
    "4xl": "2.25rem",
    "4xs": "0.375rem",
    "5xl": "3rem",
    "6xl": "3.75rem",
    "7xl": "4.5rem",
    "8xl": "6rem",
    "9xl": "8rem",
    "lg": "1.125rem",
    "md": "1rem",
    "sm": "0.875rem",
    "xl": "1.25rem",
    "xs": "0.75rem",
  },
  "fontWeights": {
    "black": 900,
    "bold": 700,
    "extrabold": 800,
    "hairline": 100,
    "light": 300,
    "medium": 500,
    "normal": 400,
    "semibold": 600,
    "thin": 200,
  },
  "fonts": {
    "body": ""Atkinson Hyperlegible", sans-serif",
    "heading": ""Work Sans", sans-serif",
    "mono": ""Inconsolata", sans-serif",
  },
  "forms": {
    "checkbox": {
      "&:is(svg, svg + svg)": {
        "height": "min",
        "width": "min",
      },
      "input:checked ~ &": {
        "color": "input.text.accent.default",
      },
      "input:disabled ~ &": {
        "color": "input.text.muted.default",
      },
      "input:disabled ~ & path": {
        "backgroundColor": "input.background.muted.default",
      },
      "input:focus ~ &": {
        "bg": "transparent",
      },
      "input:not(:checked) ~ &": {
        "color": "input.text.secondary.default",
      },
      "input[aria-invalid="true"] ~ &": {
        "color": "display.text.negative.default",
      },
    },
    "input": {
      "&[aria-invalid="true"]": {
        ":focus-within": {
          "outlineColor": "display.border.negative.default",
        },
        "borderColor": "display.border.negative.default",
      },
      "&[aria-invalid="true"] ~ span:has(iconify-icon)": {
        "color": "display.text.negative.default",
      },
      ".is-warning &": {
        ":focus-within": {
          "outlineColor": "feedback.border.caution.active",
        },
        "border": "md",
        "borderColor": "feedback.border.caution.active",
      },
      "::placeholder": {
        "color": "display.text.muted.default",
      },
      ":disabled": {
        "backgroundColor": "display.background.muted.default",
        "border": "sm",
        "borderColor": "display.border.muted.default",
        "color": "display.text.muted.default",
      },
      ":focus-within": {
        "outlineColor": "display.border.muted.active",
      },
      "backgroundColor": "display.background.secondary.default",
      "border": "md",
      "borderColor": "display.border.muted.default",
      "borderRadius": "sm",
      "color": "display.text.primary.default",
      "fontSize": "md",
      "lineHeight": "normal",
    },
    "inputNumber": {
      "& ~ span:has(iconify-icon)": {
        "fontSize": "md",
      },
      "&[aria-invalid="true"]": {
        "border": "md",
        "borderColor": "display.border.negative.default",
        "color": "display.text.negative.default",
        "outlineColor": "display.border.negative.default",
      },
      "&[aria-invalid="true"] ~ span>iconify-icon": {
        "color": "display.text.negative.default",
      },
      ":disabled": {
        "border": "sm",
        "borderColor": "display.border.muted.default",
        "color": "display.text.muted.active",
      },
      ":disabled ~ span > iconify-icon": {
        "color": "display.text.muted.active",
        "cursor": "default",
      },
      ":focus-within": {
        "outlineColor": "display.border.muted.active",
      },
      ":not(:disabled, [aria-invalid="true"]) ~ span:has(iconify-icon):hover": {
        "color": "display.text.accent.default",
      },
      ":not(:disabled, [aria-invalid="true"]):hover": {
        "borderColor": "display.border.muted.active",
      },
      "border": "md",
      "borderColor": "display.border.muted.default",
      "borderRadius": "sm",
      "color": "display.text.primary.default",
    },
    "label": {
      "& > div:has(input[type="checkbox"]) > svg": {
        "marginRight": 0,
      },
      "& > span[aria-label="tooltip"]": {
        "fontSize": "sm",
        "marginLeft": "2",
      },
      "&:has(div > input[type="radio"])": {
        "alignItems": "center",
      },
      "&:has(div > input[type="radio"]:disabled)": {
        "color": "display.text.muted.active",
      },
      "&:has(input[type="checkbox"])": {
        "fontSize": "md",
        "gap": "2",
      },
      "&:has(input[type="checkbox"]:disabled)": {
        "color": "display.text.muted.default",
      },
      "&:is([aria-disabled="true"])": {
        "color": "display.text.muted.default",
      },
      "color": "display.text.primary.default",
    },
    "radio": {
      "&:is(svg, svg + svg)": {
        "height": "min",
        "width": "min",
      },
      "color": "input.text.secondary.default",
      "fontFamily": "body",
      "fontSize": "lg",
      "input:checked ~ &": {
        "color": "input.text.accent.default",
      },
      "input:disabled ~ &": {
        "color": "input.text.muted.default",
      },
      "input:focus ~ &": {
        "bg": "transparent",
      },
      "input[aria-invalid="true"] ~ &": {
        "color": "input.text.negative.default",
      },
    },
    "select": {
      "&[aria-invalid="true"]": {
        "border": "md",
        "borderColor": "display.border.negative.default",
        "outlineColor": "display.border.negative.default",
      },
      "&[aria-invalid="true"] ~ * > span.error-icon": {
        "color": "display.text.negative.default",
      },
      ":disabled": {
        "backgroundColor": "display.background.muted.default",
        "border": "sm",
        "borderColor": "display.border.muted.default",
        "color": "display.text.muted.default",
      },
      ":disabled ~ * > span:has(iconify-icon)": {
        "color": "display.text.muted.default",
      },
      "backgroundColor": "display.background.secondary.default",
      "border": "md",
      "borderColor": "display.border.muted.default",
      "borderRadius": "sm",
      "color": "display.text.primary.default",
    },
    "textarea": {
      "&[aria-invalid="true"]": {
        "borderColor": "input.border.negative.default",
        "outlineColor": "input.border.negative.default",
      },
      "&[aria-invalid="true"]+span>iconify-icon": {
        "color": "input.text.negative.default",
        "fontSize": "lg",
      },
      ":disabled": {
        "backgroundColor": "input.background.muted.active",
        "border": "sm",
        "borderColor": "input.border.muted.default",
        "color": "input.text.muted.active",
      },
      ":disabled::placeholder": {
        "color": "input.text.muted.active",
      },
      ":focus-within": {
        "outlineColor": "input.border.primary.default",
      },
      "backgroundColor": "display.background.secondary.default",
      "border": "md",
      "borderColor": "input.border.muted.default",
      "borderRadius": "sm",
      "color": "display.text.primary.default",
    },
  },
  "letterSpacings": {
    "normal": "0",
    "tight": "-0.025em",
    "tighter": "-0.05em",
    "wide": "0.025em",
    "wider": "0.05em",
    "widest": "0.1em",
  },
  "lineHeights": {
    "moderate": 1.5,
    "none": 1,
    "normal": "normal",
    "short": 1.375,
    "shorter": 1.25,
    "tall": 1.625,
    "taller": "2",
  },
  "radii": {
    "2xl": "0.25rem",
    "2xs": "0.0625rem",
    "3xl": "0.25rem",
    "4xl": "0.25rem",
    "full": "9999px",
    "lg": "0.25rem",
    "md": "0.375rem",
    "none": "0",
    "sm": "0.25rem",
    "xl": "0.25rem",
    "xs": "0.125rem",
  },
  "sizes": {
    "2xl": "42rem",
    "2xs": "16rem",
    "3xl": "48rem",
    "3xs": "14rem",
    "4xl": "56rem",
    "5xl": "64rem",
    "6xl": "72rem",
    "7xl": "80rem",
    "8xl": "90rem",
    "container": {
      "lg": "1024px",
      "md": "768px",
      "sm": "640px",
      "xl": "1280px",
    },
    "full": "100%",
    "lg": "32rem",
    "max": "max-content",
    "md": "28rem",
    "min": "min-content",
    "sm": "24rem",
    "xl": "36rem",
    "xs": "20rem",
  },
  "space": {
    "0.5": "0.125rem",
    "1": "0.25rem",
    "1.5": "0.375rem",
    "10": "2.5rem",
    "12": "3rem",
    "14": "3.5rem",
    "16": "4rem",
    "2": "0.5rem",
    "2.5": "0.625rem",
    "20": "5rem",
    "24": "6rem",
    "28": "7rem",
    "3": "0.75rem",
    "3.5": "0.875rem",
    "32": "8rem",
    "36": "9rem",
    "4": "1rem",
    "40": "10rem",
    "44": "11rem",
    "48": "12rem",
    "5": "1.25rem",
    "52": "13rem",
    "56": "14rem",
    "6": "1.5rem",
    "60": "15rem",
    "64": "16rem",
    "7": "1.75rem",
    "72": "18rem",
    "8": "2rem",
    "80": "20rem",
    "9": "2.25rem",
    "96": "24rem",
    "px": "1px",
  },
  "styles": {
    "a": {
      "&.quiet:not(:hover)": {
        "textDecorationLine": "none",
      },
      ":visited": {
        "color": "navigation.text.accent.default",
      },
      "color": "navigation.text.primary.default",
      "fontFamily": "body",
      "lineHeight": "normal",
      "textDecorationLine": "underline",
    },
    "root": {
      ".react-select__control": {
        "border": "md",
        "borderRadius": "sm",
      },
      "backgroundColor": "navigation.background.primary.default",
      "fontFamily": "body",
      "fontSize": "md",
      "fontWeight": "normal",
      "margin": 0,
      "padding": 0,
      "table": {
        "borderCollapse": "collapse",
      },
      "td": {
        "paddingX": "6",
        "paddingY": "4",
      },
      "th": {
        "paddingX": "4",
        "paddingY": "4",
      },
      "tr": {
        "borderBottom": "default",
      },
      "zIndex": "base",
    },
  },
  "text": {
    "default": {
      "color": "navigation.text.primary.default",
      "fontFamily": "body",
    },
    "h1": {
      "fontFamily": "heading",
      "fontSize": "3xl",
      "fontWeight": "extrabold",
      "letterSpacing": "wide",
      "lineHeight": "normal",
    },
    "h2": {
      "fontFamily": "heading",
      "fontSize": "2xl",
      "fontWeight": "bold",
      "letterSpacing": "wide",
      "lineHeight": "normal",
    },
    "h3": {
      "fontFamily": "heading",
      "fontSize": "xl",
      "fontWeight": "bold",
      "letterSpacing": "wide",
      "lineHeight": "normal",
    },
    "h4": {
      "fontFamily": "heading",
      "fontSize": "lg",
      "fontWeight": "semibold",
      "letterSpacing": "wide",
      "lineHeight": "normal",
    },
    "h5": {
      "fontFamily": "heading",
      "fontSize": "md",
      "fontWeight": "semibold",
      "letterSpacing": "wide",
      "lineHeight": "normal",
    },
    "headline": {
      "fontFamily": "heading",
      "fontSize": "5xl",
      "fontWeight": "bold",
      "letterSpacing": "wide",
      "lineHeight": "moderate",
    },
    "help": {
      "&[aria-disabled="true"]": {
        "color": "navigation.text.muted.default",
      },
      "color": "navigation.text.primary.default",
      "negative": {
        "&[aria-disabled="true"]": {
          "color": "navigation.text.muted.default",
        },
        "color": "navigation.text.negative.default",
      },
    },
    "subheadline": {
      "fontFamily": "body",
      "fontSize": "xl",
      "fontWeight": "bold",
      "letterSpacing": "wide",
      "lineHeight": "normal",
    },
    "title": {
      "fontFamily": "heading",
      "fontSize": "5xl",
      "lineSpace": "3.5",
    },
  },
  "zIndices": {
    "auto": "auto",
    "banner": 1200,
    "base": 0,
    "docked": 10,
    "dropdown": 1000,
    "hide": -1,
    "max": 2147483647,
    "modal": 1400,
    "overlay": 1300,
    "popover": 1500,
    "skipNav": 1600,
    "sticky": 1100,
    "toast": 1700,
    "tooltip": 1800,
  },
}
`;
