// Jest Snapshot v1, https://goo.gl/fbAQLP

exports[`defaultTokens cannot be changed 1`] = `
{
  "__esModule": true,
  "breakpoints": {
    "2xl": "1536px",
    "lg": "1024px",
    "md": "768px",
    "sm": "640px",
    "xl": "1280px",
  },
  "fontSizes": {
    "2xl": "1.5rem",
    "2xs": "0.625rem",
    "3xl": "1.875rem",
    "3xs": "0.5rem",
    "4xl": "2.25rem",
    "4xs": "0.375rem",
    "5xl": "3rem",
    "6xl": "3.75rem",
    "7xl": "4.5rem",
    "8xl": "6rem",
    "9xl": "8rem",
    "lg": "1.125rem",
    "md": "1rem",
    "sm": "0.875rem",
    "xl": "1.25rem",
    "xs": "0.75rem",
  },
  "fontWeights": {
    "black": 900,
    "bold": 700,
    "extrabold": 800,
    "hairline": 100,
    "light": 300,
    "medium": 500,
    "normal": 400,
    "semibold": 600,
    "thin": 200,
  },
  "letterSpacings": {
    "normal": "0",
    "tight": "-0.025em",
    "tighter": "-0.05em",
    "wide": "0.025em",
    "wider": "0.05em",
    "widest": "0.1em",
  },
  "lineHeights": {
    "moderate": 1.5,
    "none": 1,
    "normal": "normal",
    "short": 1.375,
    "shorter": 1.25,
    "tall": 1.625,
    "taller": "2",
  },
  "radii": {
    "2xl": "1rem",
    "2xs": "0.0625rem",
    "3xl": "1.5rem",
    "4xl": "2rem",
    "full": "9999px",
    "lg": "0.5rem",
    "md": "0.375rem",
    "none": "0",
    "sm": "0.25rem",
    "xl": "0.75rem",
    "xs": "0.125rem",
  },
  "sizes": {
    "2xl": "42rem",
    "2xs": "16rem",
    "3xl": "48rem",
    "3xs": "14rem",
    "4xl": "56rem",
    "5xl": "64rem",
    "6xl": "72rem",
    "7xl": "80rem",
    "8xl": "90rem",
    "container": {
      "lg": "1024px",
      "md": "768px",
      "sm": "640px",
      "xl": "1280px",
    },
    "full": "100%",
    "lg": "32rem",
    "max": "max-content",
    "md": "28rem",
    "min": "min-content",
    "sm": "24rem",
    "xl": "36rem",
    "xs": "20rem",
  },
  "spacing": {
    "0.5": "0.125rem",
    "1": "0.25rem",
    "1.5": "0.375rem",
    "10": "2.5rem",
    "12": "3rem",
    "14": "3.5rem",
    "16": "4rem",
    "2": "0.5rem",
    "2.5": "0.625rem",
    "20": "5rem",
    "24": "6rem",
    "28": "7rem",
    "3": "0.75rem",
    "3.5": "0.875rem",
    "32": "8rem",
    "36": "9rem",
    "4": "1rem",
    "40": "10rem",
    "44": "11rem",
    "48": "12rem",
    "5": "1.25rem",
    "52": "13rem",
    "56": "14rem",
    "6": "1.5rem",
    "60": "15rem",
    "64": "16rem",
    "7": "1.75rem",
    "72": "18rem",
    "8": "2rem",
    "80": "20rem",
    "9": "2.25rem",
    "96": "24rem",
    "px": "1px",
  },
  "zIndices": {
    "auto": "auto",
    "banner": 1200,
    "base": 0,
    "docked": 10,
    "dropdown": 1000,
    "hide": -1,
    "max": 2147483647,
    "modal": 1400,
    "overlay": 1300,
    "popover": 1500,
    "skipNav": 1600,
    "sticky": 1100,
    "toast": 1700,
    "tooltip": 1800,
  },
}
`;
